Archive member included to satisfy reference by file (symbol)

C:/ST/STM32CubeIDE_1.13.2/STM32CubeIDE/plugins/com.st.stm32cube.ide.mcu.externaltools.gnu-tools-for-stm32.12.3.rel1.win32_1.0.100.202403111256/tools/bin/../lib/gcc/arm-none-eabi/12.3.1/../../../../arm-none-eabi/lib/thumb/v7e-m+fp/hard\libc_nano.a(libc_a-exit.o)
                              C:/ST/STM32CubeIDE_1.13.2/STM32CubeIDE/plugins/com.st.stm32cube.ide.mcu.externaltools.gnu-tools-for-stm32.12.3.rel1.win32_1.0.100.202403111256/tools/bin/../lib/gcc/arm-none-eabi/12.3.1/../../../../arm-none-eabi/lib/thumb/v7e-m+fp/hard/crt0.o (exit)
C:/ST/STM32CubeIDE_1.13.2/STM32CubeIDE/plugins/com.st.stm32cube.ide.mcu.externaltools.gnu-tools-for-stm32.12.3.rel1.win32_1.0.100.202403111256/tools/bin/../lib/gcc/arm-none-eabi/12.3.1/../../../../arm-none-eabi/lib/thumb/v7e-m+fp/hard\libc_nano.a(libc_a-findfp.o)
                              C:/ST/STM32CubeIDE_1.13.2/STM32CubeIDE/plugins/com.st.stm32cube.ide.mcu.externaltools.gnu-tools-for-stm32.12.3.rel1.win32_1.0.100.202403111256/tools/bin/../lib/gcc/arm-none-eabi/12.3.1/../../../../arm-none-eabi/lib/thumb/v7e-m+fp/hard\libc_nano.a(libc_a-exit.o) (__stdio_exit_handler)
C:/ST/STM32CubeIDE_1.13.2/STM32CubeIDE/plugins/com.st.stm32cube.ide.mcu.externaltools.gnu-tools-for-stm32.12.3.rel1.win32_1.0.100.202403111256/tools/bin/../lib/gcc/arm-none-eabi/12.3.1/../../../../arm-none-eabi/lib/thumb/v7e-m+fp/hard\libc_nano.a(libc_a-fwalk.o)
                              C:/ST/STM32CubeIDE_1.13.2/STM32CubeIDE/plugins/com.st.stm32cube.ide.mcu.externaltools.gnu-tools-for-stm32.12.3.rel1.win32_1.0.100.202403111256/tools/bin/../lib/gcc/arm-none-eabi/12.3.1/../../../../arm-none-eabi/lib/thumb/v7e-m+fp/hard\libc_nano.a(libc_a-findfp.o) (_fwalk_sglue)
C:/ST/STM32CubeIDE_1.13.2/STM32CubeIDE/plugins/com.st.stm32cube.ide.mcu.externaltools.gnu-tools-for-stm32.12.3.rel1.win32_1.0.100.202403111256/tools/bin/../lib/gcc/arm-none-eabi/12.3.1/../../../../arm-none-eabi/lib/thumb/v7e-m+fp/hard\libc_nano.a(libc_a-stdio.o)
                              C:/ST/STM32CubeIDE_1.13.2/STM32CubeIDE/plugins/com.st.stm32cube.ide.mcu.externaltools.gnu-tools-for-stm32.12.3.rel1.win32_1.0.100.202403111256/tools/bin/../lib/gcc/arm-none-eabi/12.3.1/../../../../arm-none-eabi/lib/thumb/v7e-m+fp/hard\libc_nano.a(libc_a-findfp.o) (__sread)
C:/ST/STM32CubeIDE_1.13.2/STM32CubeIDE/plugins/com.st.stm32cube.ide.mcu.externaltools.gnu-tools-for-stm32.12.3.rel1.win32_1.0.100.202403111256/tools/bin/../lib/gcc/arm-none-eabi/12.3.1/../../../../arm-none-eabi/lib/thumb/v7e-m+fp/hard\libc_nano.a(libc_a-memset.o)
                              C:/ST/STM32CubeIDE_1.13.2/STM32CubeIDE/plugins/com.st.stm32cube.ide.mcu.externaltools.gnu-tools-for-stm32.12.3.rel1.win32_1.0.100.202403111256/tools/bin/../lib/gcc/arm-none-eabi/12.3.1/../../../../arm-none-eabi/lib/thumb/v7e-m+fp/hard/crt0.o (memset)
C:/ST/STM32CubeIDE_1.13.2/STM32CubeIDE/plugins/com.st.stm32cube.ide.mcu.externaltools.gnu-tools-for-stm32.12.3.rel1.win32_1.0.100.202403111256/tools/bin/../lib/gcc/arm-none-eabi/12.3.1/../../../../arm-none-eabi/lib/thumb/v7e-m+fp/hard\libc_nano.a(libc_a-closer.o)
                              C:/ST/STM32CubeIDE_1.13.2/STM32CubeIDE/plugins/com.st.stm32cube.ide.mcu.externaltools.gnu-tools-for-stm32.12.3.rel1.win32_1.0.100.202403111256/tools/bin/../lib/gcc/arm-none-eabi/12.3.1/../../../../arm-none-eabi/lib/thumb/v7e-m+fp/hard\libc_nano.a(libc_a-stdio.o) (_close_r)
C:/ST/STM32CubeIDE_1.13.2/STM32CubeIDE/plugins/com.st.stm32cube.ide.mcu.externaltools.gnu-tools-for-stm32.12.3.rel1.win32_1.0.100.202403111256/tools/bin/../lib/gcc/arm-none-eabi/12.3.1/../../../../arm-none-eabi/lib/thumb/v7e-m+fp/hard\libc_nano.a(libc_a-reent.o)
                              C:/ST/STM32CubeIDE_1.13.2/STM32CubeIDE/plugins/com.st.stm32cube.ide.mcu.externaltools.gnu-tools-for-stm32.12.3.rel1.win32_1.0.100.202403111256/tools/bin/../lib/gcc/arm-none-eabi/12.3.1/../../../../arm-none-eabi/lib/thumb/v7e-m+fp/hard\libc_nano.a(libc_a-closer.o) (errno)
C:/ST/STM32CubeIDE_1.13.2/STM32CubeIDE/plugins/com.st.stm32cube.ide.mcu.externaltools.gnu-tools-for-stm32.12.3.rel1.win32_1.0.100.202403111256/tools/bin/../lib/gcc/arm-none-eabi/12.3.1/../../../../arm-none-eabi/lib/thumb/v7e-m+fp/hard\libc_nano.a(libc_a-impure.o)
                              C:/ST/STM32CubeIDE_1.13.2/STM32CubeIDE/plugins/com.st.stm32cube.ide.mcu.externaltools.gnu-tools-for-stm32.12.3.rel1.win32_1.0.100.202403111256/tools/bin/../lib/gcc/arm-none-eabi/12.3.1/../../../../arm-none-eabi/lib/thumb/v7e-m+fp/hard\libc_nano.a(libc_a-reent.o) (_impure_ptr)
C:/ST/STM32CubeIDE_1.13.2/STM32CubeIDE/plugins/com.st.stm32cube.ide.mcu.externaltools.gnu-tools-for-stm32.12.3.rel1.win32_1.0.100.202403111256/tools/bin/../lib/gcc/arm-none-eabi/12.3.1/../../../../arm-none-eabi/lib/thumb/v7e-m+fp/hard\libc_nano.a(libc_a-lseekr.o)
[...]
Memory Configuration

Name             Origin             Length             Attributes
CCMRAM           0x10000000         0x00004000         xrw
RAM              0x20000000         0x00010000         xrw
FLASH            0x08000000         0x00080000         xr
*default*        0x00000000         0xffffffff

Linker script and memory map

LOAD C:/ST/STM32CubeIDE_1.13.2/STM32CubeIDE/plugins/com.st.stm32cube.ide.mcu.externaltools.gnu-tools-for-stm32.12.3.rel1.win32_1.0.100.202403111256/tools/bin/../lib/gcc/arm-none-eabi/12.3.1/thumb/v7e-m+fp/hard/crti.o
LOAD C:/ST/STM32CubeIDE_1.13.2/STM32CubeIDE/plugins/com.st.stm32cube.ide.mcu.externaltools.gnu-tools-for-stm32.12.3.rel1.win32_1.0.100.202403111256/tools/bin/../lib/gcc/arm-none-eabi/12.3.1/thumb/v7e-m+fp/hard/crtbegin.o
LOAD C:/ST/STM32CubeIDE_1.13.2/STM32CubeIDE/plugins/com.st.stm32cube.ide.mcu.externaltools.gnu-tools-for-stm32.12.3.rel1.win32_1.0.100.202403111256/tools/bin/../lib/gcc/arm-none-eabi/12.3.1/../../../../arm-none-eabi/lib/thumb/v7e-m+fp/hard/crt0.o
LOAD ./Core/Src/gpio.o
LOAD ./Core/Src/main.o
LOAD ./Core/Src/motors.o
LOAD ./Core/Src/spi.o
LOAD ./Core/Src/stm32f3xx_hal_msp.o
LOAD ./Core/Src/stm32f3xx_it.o
LOAD ./Core/Src/syscalls.o
LOAD ./Core/Src/sysmem.o
LOAD ./Core/Src/system_stm32f3xx.o
LOAD ./Core/Src/tim.o
LOAD ./Core/Src/usart.o
LOAD ./Core/Startup/startup_stm32f303retx.o
LOAD ./Drivers/STM32F3xx_HAL_Driver/Src/stm32f3xx_hal.o
LOAD ./Drivers/STM32F3xx_HAL_Driver/Src/stm32f3xx_hal_cortex.o
LOAD ./Drivers/STM32F3xx_HAL_Driver/Src/stm32f3xx_hal_dma.o
LOAD ./Drivers/STM32F3xx_HAL_Driver/Src/stm32f3xx_hal_exti.o
LOAD ./Drivers/STM32F3xx_HAL_Driver/Src/stm32f3xx_hal_flash.o
LOAD ./Drivers/STM32F3xx_HAL_Driver/Src/stm32f3xx_hal_flash_ex.o
LOAD ./Drivers/STM32F3xx_HAL_Driver/Src/stm32f3xx_hal_gpio.o
LOAD ./Drivers/STM32F3xx_HAL_Driver/Src/stm32f3xx_hal_i2c.o
LOAD ./Drivers/STM32F3xx_HAL_Driver/Src/stm32f3xx_hal_i2c_ex.o
LOAD ./Drivers/STM32F3xx_HAL_Driver/Src/stm32f3xx_hal_pwr.o
LOAD ./Drivers/STM32F3xx_HAL_Driver/Src/stm32f3xx_hal_pwr_ex.o
LOAD ./Drivers/STM32F3xx_HAL_Driver/Src/stm32f3xx_hal_rcc.o
LOAD ./Drivers/STM32F3xx_HAL_Driver/Src/stm32f3xx_hal_rcc_ex.o
LOAD ./Drivers/STM32F3xx_HAL_Driver/Src/stm32f3xx_hal_spi.o
LOAD ./Drivers/STM32F3xx_HAL_Driver/Src/stm32f3xx_hal_spi_ex.o
LOAD ./Drivers/STM32F3xx_HAL_Driver/Src/stm32f3xx_hal_tim.o
LOAD ./Drivers/STM32F3xx_HAL_Driver/Src/stm32f3xx_hal_tim_ex.o
LOAD ./Drivers/STM32F3xx_HAL_Driver/Src/stm32f3xx_hal_uart.o
LOAD ./Drivers/STM32F3xx_HAL_Driver/Src/stm32f3xx_hal_uart_ex.o
START GROUP
LOAD C:/ST/STM32CubeIDE_1.13.2/STM32CubeIDE/plugins/com.st.stm32cube.ide.mcu.externaltools.gnu-tools-for-stm32.12.3.rel1.win32_1.0.100.202403111256/tools/bin/../lib/gcc/arm-none-eabi/12.3.1/../../../../arm-none-eabi/lib/thumb/v7e-m+fp/hard\libc_nano.a
LOAD C:/ST/STM32CubeIDE_1.13.2/STM32CubeIDE/plugins/com.st.stm32cube.ide.mcu.externaltools.gnu-tools-for-stm32.12.3.rel1.win32_1.0.100.202403111256/tools/bin/../lib/gcc/arm-none-eabi/12.3.1/../../../../arm-none-eabi/lib/thumb/v7e-m+fp/hard\libm.a
END GROUP
START GROUP
LOAD C:/ST/STM32CubeIDE_1.13.2/STM32CubeIDE/plugins/com.st.stm32cube.ide.mcu.externaltools.gnu-tools-for-stm32.12.3.rel1.win32_1.0.100.202403111256/tools/bin/../lib/gcc/arm-none-eabi/12.3.1/thumb/v7e-m+fp/hard\libgcc.a
LOAD C:/ST/STM32CubeIDE_1.13.2/STM32CubeIDE/plugins/com.st.stm32cube.ide.mcu.externaltools.gnu-tools-for-stm32.12.3.rel1.win32_1.0.100.202403111256/tools/bin/../lib/gcc/arm-none-eabi/12.3.1/../../../../arm-none-eabi/lib/thumb/v7e-m+fp/hard\libc_nano.a
END GROUP
START GROUP
LOAD C:/ST/STM32CubeIDE_1.13.2/STM32CubeIDE/plugins/com.st.stm32cube.ide.mcu.externaltools.gnu-tools-for-stm32.12.3.rel1.win32_1.0.100.202403111256/tools/bin/../lib/gcc/arm-none-eabi/12.3.1/thumb/v7e-m+fp/hard\libgcc.a
LOAD C:/ST/STM32CubeIDE_1.13.2/STM32CubeIDE/plugins/com.st.stm32cube.ide.mcu.externaltools.gnu-tools-for-stm32.12.3.rel1.win32_1.0.100.202403111256/tools/bin/../lib/gcc/arm-none-eabi/12.3.1/../../../../arm-none-eabi/lib/thumb/v7e-m+fp/hard\libc_nano.a
LOAD C:/ST/STM32CubeIDE_1.13.2/STM32CubeIDE/plugins/com.st.stm32cube.ide.mcu.externaltools.gnu-tools-for-stm32.12.3.rel1.win32_1.0.100.202403111256/tools/bin/../lib/gcc/arm-none-eabi/12.3.1/../../../../arm-none-eabi/lib/thumb/v7e-m+fp/hard\libnosys.a
END GROUP
START GROUP
LOAD C:/ST/STM32CubeIDE_1.13.2/STM32CubeIDE/plugins/com.st.stm32cube.ide.mcu.externaltools.gnu-tools-for-stm32.12.3.rel1.win32_1.0.100.202403111256/tools/bin/../lib/gcc/arm-none-eabi/12.3.1/thumb/v7e-m+fp/hard\libgcc.a
LOAD C:/ST/STM32CubeIDE_1.13.2/STM32CubeIDE/plugins/com.st.stm32cube.ide.mcu.externaltools.gnu-tools-for-stm32.12.3.rel1.win32_1.0.100.202403111256/tools/bin/../lib/gcc/arm-none-eabi/12.3.1/../../../../arm-none-eabi/lib/thumb/v7e-m+fp/hard\libc_nano.a
LOAD C:/ST/STM32CubeIDE_1.13.2/STM32CubeIDE/plugins/com.st.stm32cube.ide.mcu.externaltools.gnu-tools-for-stm32.12.3.rel1.win32_1.0.100.202403111256/tools/bin/../lib/gcc/arm-none-eabi/12.3.1/../../../../arm-none-eabi/lib/thumb/v7e-m+fp/hard\libnosys.a
END GROUP
LOAD C:/ST/STM32CubeIDE_1.13.2/STM32CubeIDE/plugins/com.st.stm32cube.ide.mcu.externaltools.gnu-tools-for-stm32.12.3.rel1.win32_1.0.100.202403111256/tools/bin/../lib/gcc/arm-none-eabi/12.3.1/thumb/v7e-m+fp/hard/crtend.o
LOAD C:/ST/STM32CubeIDE_1.13.2/STM32CubeIDE/plugins/com.st.stm32cube.ide.mcu.externaltools.gnu-tools-for-stm32.12.3.rel1.win32_1.0.100.202403111256/tools/bin/../lib/gcc/arm-none-eabi/12.3.1/thumb/v7e-m+fp/hard/crtn.o
                0x20010000                        _estack = (ORIGIN (RAM) + LENGTH (RAM))
                0x00000200                        _Min_Heap_Size = 0x200
                0x00000400                        _Min_Stack_Size = 0x400

.isr_vector     0x08000000      0x194
                0x08000000                        . = ALIGN (0x4)
 *(.isr_vector)
 .isr_vector    0x08000000      0x194 ./Core/Startup/startup_stm32f303retx.o
                0x08000000                g_pfnVectors
                0x08000194                        . = ALIGN (0x4)

.text           0x08000194     0x6f14
                0x08000194                        . = ALIGN (0x4)
 *(.text)
 .text          0x08000194       0x40 C:/ST/STM32CubeIDE_1.13.2/STM32CubeIDE/plugins/com.st.stm32cube.ide.mcu.externaltools.gnu-tools-for-stm32.12.3.rel1.win32_1.0.100.202403111256/tools/bin/../lib/gcc/arm-none-eabi/12.3.1/thumb/v7e-m+fp/hard/crtbegin.o
 *(.text*)
 .text.MX_GPIO_Init
                0x080001d4      0x124 ./Core/Src/gpio.o
                0x080001d4                MX_GPIO_Init
 .text.main     0x080002f8       0x58 ./Core/Src/main.o
                0x080002f8                main
 .text.SystemClock_Config
                0x08000350       0xd0 ./Core/Src/main.o
                0x08000350                SystemClock_Config
 .text.Error_Handler
                0x08000420        0xc ./Core/Src/main.o
                0x08000420                Error_Handler
 .text.MOTOR_set_one
                0x0800042c       0xac ./Core/Src/motors.o
 .text.MOTOR_update
                0x080004d8       0x56 ./Core/Src/motors.o
 *fill*         0x0800052e        0x2 
 .text.MOTOR_main
                0x08000530       0x3c ./Core/Src/motors.o
                0x08000530                MOTOR_main
 .text.MOTOR_set_all
                0x0800056c       0x80 ./Core/Src/motors.o
                0x0800056c                MOTOR_set_all
 .text.MOTOR_interrupt
                0x080005ec       0x78 ./Core/Src/motors.o
                0x080005ec                MOTOR_interrupt
 .text.HAL_TIM_PWM_PulseFinishedCallback
                0x08000664       0x16 ./Core/Src/motors.o
                0x08000664                HAL_TIM_PWM_PulseFinishedCallback
 *fill*         0x0800067a        0x2 
 .text.MX_SPI2_Init
                0x0800067c       0x7c ./Core/Src/spi.o
                0x0800067c                MX_SPI2_Init
 .text.HAL_SPI_MspInit
                0x080006f8       0xc4 ./Core/Src/spi.o
                0x080006f8                HAL_SPI_MspInit
 .text.SPI_init
                0x080007bc       0x5c ./Core/Src/spi.o
                0x080007bc                SPI_init
 .text.UART2_SendData
                0x08000818       0x28 ./Core/Src/spi.o
                0x08000818                UART2_SendData
 .text.checksum_check
                0x08000840       0xb0 ./Core/Src/spi.o
 .text.SPI_read_data
                0x080008f0       0x9c ./Core/Src/spi.o
                0x080008f0                SPI_read_data
 .text.SPI_read_all
                0x0800098c       0x40 ./Core/Src/spi.o
                0x0800098c                SPI_read_all
 .text.HAL_MspInit
                0x080009cc       0x48 ./Core/Src/stm32f3xx_hal_msp.o
                0x080009cc                HAL_MspInit
 .text.NMI_Handler
                0x08000a14        0x8 ./Core/Src/stm32f3xx_it.o
                0x08000a14                NMI_Handler
 .text.HardFault_Handler
                0x08000a1c        0x8 ./Core/Src/stm32f3xx_it.o
                0x08000a1c                HardFault_Handler
 .text.MemManage_Handler
                0x08000a24        0x8 ./Core/Src/stm32f3xx_it.o
                0x08000a24                MemManage_Handler
 .text.BusFault_Handler
                0x08000a2c        0x8 ./Core/Src/stm32f3xx_it.o
                0x08000a2c                BusFault_Handler
 .text.UsageFault_Handler
                0x08000a34        0x8 ./Core/Src/stm32f3xx_it.o
                0x08000a34                UsageFault_Handler
 .text.SVC_Handler
                0x08000a3c        0xe ./Core/Src/stm32f3xx_it.o
                0x08000a3c                SVC_Handler
 .text.DebugMon_Handler
                0x08000a4a        0xe ./Core/Src/stm32f3xx_it.o
                0x08000a4a                DebugMon_Handler
 .text.PendSV_Handler
                0x08000a58        0xe ./Core/Src/stm32f3xx_it.o
                0x08000a58                PendSV_Handler
 .text.SysTick_Handler
                0x08000a66        0xc ./Core/Src/stm32f3xx_it.o
                0x08000a66                SysTick_Handler
 *fill*         0x08000a72        0x2 
 .text.TIM1_CC_IRQHandler
                0x08000a74       0x14 ./Core/Src/stm32f3xx_it.o
                0x08000a74                TIM1_CC_IRQHandler
 .text.TIM2_IRQHandler
                0x08000a88       0x14 ./Core/Src/stm32f3xx_it.o
                0x08000a88                TIM2_IRQHandler
 .text.TIM3_IRQHandler
                0x08000a9c       0x14 ./Core/Src/stm32f3xx_it.o
                0x08000a9c                TIM3_IRQHandler
 .text.TIM4_IRQHandler
                0x08000ab0       0x14 ./Core/Src/stm32f3xx_it.o
                0x08000ab0                TIM4_IRQHandler
 .text.SPI2_IRQHandler
                0x08000ac4       0x14 ./Core/Src/stm32f3xx_it.o
                0x08000ac4                SPI2_IRQHandler
 .text.USART2_IRQHandler
                0x08000ad8       0x14 ./Core/Src/stm32f3xx_it.o
                0x08000ad8                USART2_IRQHandler
 .text.TIM8_CC_IRQHandler
                0x08000aec       0x14 ./Core/Src/stm32f3xx_it.o
                0x08000aec                TIM8_CC_IRQHandler
 .text.SystemInit
                0x08000b00       0x24 ./Core/Src/system_stm32f3xx.o
                0x08000b00                SystemInit
 .text.MX_TIM1_Init
                0x08000b24      0x158 ./Core/Src/tim.o
                0x08000b24                MX_TIM1_Init
 .text.MX_TIM2_Init
                0x08000c7c       0xec ./Core/Src/tim.o
                0x08000c7c                MX_TIM2_Init
 .text.MX_TIM3_Init
                0x08000d68       0xec ./Core/Src/tim.o
                0x08000d68                MX_TIM3_Init
 .text.MX_TIM4_Init
                0x08000e54       0xec ./Core/Src/tim.o
                0x08000e54                MX_TIM4_Init
 .text.MX_TIM8_Init
                0x08000f40      0x158 ./Core/Src/tim.o
                0x08000f40                MX_TIM8_Init
 .text.HAL_TIM_Base_MspInit
                0x08001098      0x128 ./Core/Src/tim.o
                0x08001098                HAL_TIM_Base_MspInit
 .text.HAL_TIM_MspPostInit
                0x080011c0      0x194 ./Core/Src/tim.o
                0x080011c0                HAL_TIM_MspPostInit
 .text.MX_USART2_UART_Init
                0x08001354       0x60 ./Core/Src/usart.o
                0x08001354                MX_USART2_UART_Init
 .text.HAL_UART_MspInit
                0x080013b4       0x94 ./Core/Src/usart.o
                0x080013b4                HAL_UART_MspInit
 .text.USART_drdy
                0x08001448       0x18 ./Core/Src/usart.o
                0x08001448                USART_drdy
 .text.USART_reset_drdy
                0x08001460       0x18 ./Core/Src/usart.o
                0x08001460                USART_reset_drdy
 .text.USART_init
                0x08001478       0x1c ./Core/Src/usart.o
                0x08001478                USART_init
 .text.HAL_UART_RxCpltCallback
                0x08001494       0x34 ./Core/Src/usart.o
                0x08001494                HAL_UART_RxCpltCallback
 .text.USART_get_buffer
                0x080014c8       0x14 ./Core/Src/usart.o
                0x080014c8                USART_get_buffer
 .text.Reset_Handler
                0x080014dc       0x50 ./Core/Startup/startup_stm32f303retx.o
                0x080014dc                Reset_Handler
 .text.Default_Handler
                0x0800152c        0x2 ./Core/Startup/startup_stm32f303retx.o
                0x0800152c                RTC_Alarm_IRQHandler
                0x0800152c                TIM8_TRG_COM_IRQHandler
                0x0800152c                SPI4_IRQHandler
                0x0800152c                USB_HP_IRQHandler
                0x0800152c                PVD_IRQHandler
                0x0800152c                TAMP_STAMP_IRQHandler
                0x0800152c                EXTI3_IRQHandler
                0x0800152c                I2C3_ER_IRQHandler
                0x0800152c                USB_HP_CAN_TX_IRQHandler
                0x0800152c                EXTI0_IRQHandler
                0x0800152c                I2C2_EV_IRQHandler
                0x0800152c                FPU_IRQHandler
                0x0800152c                TIM1_UP_TIM16_IRQHandler
                0x0800152c                ADC1_2_IRQHandler
                0x0800152c                SPI1_IRQHandler
                0x0800152c                CAN_SCE_IRQHandler
                0x0800152c                TIM6_DAC_IRQHandler
                0x0800152c                TIM8_UP_IRQHandler
                0x0800152c                DMA2_Channel2_IRQHandler
                0x0800152c                DMA1_Channel4_IRQHandler
                0x0800152c                TIM20_TRG_COM_IRQHandler
                0x0800152c                USART3_IRQHandler
                0x0800152c                DMA1_Channel7_IRQHandler
                0x0800152c                UART5_IRQHandler
                0x0800152c                ADC3_IRQHandler
                0x0800152c                CAN_RX1_IRQHandler
                0x0800152c                DMA2_Channel1_IRQHandler
                0x0800152c                I2C1_EV_IRQHandler
                0x0800152c                DMA1_Channel6_IRQHandler
                0x0800152c                UART4_IRQHandler
                0x0800152c                DMA2_Channel4_IRQHandler
                0x0800152c                RCC_IRQHandler
                0x0800152c                TIM20_UP_IRQHandler
                0x0800152c                DMA1_Channel1_IRQHandler
                0x0800152c                Default_Handler
                0x0800152c                USBWakeUp_RMP_IRQHandler
                0x0800152c                EXTI15_10_IRQHandler
                0x0800152c                TIM7_IRQHandler
                0x0800152c                I2C3_EV_IRQHandler
                0x0800152c                EXTI9_5_IRQHandler
                0x0800152c                RTC_WKUP_IRQHandler
                0x0800152c                USB_LP_CAN_RX0_IRQHandler
                0x0800152c                DMA2_Channel5_IRQHandler
                0x0800152c                DMA1_Channel5_IRQHandler
                0x0800152c                USB_LP_IRQHandler
                0x0800152c                EXTI4_IRQHandler
                0x0800152c                TIM1_TRG_COM_TIM17_IRQHandler
                0x0800152c                DMA1_Channel3_IRQHandler
                0x0800152c                ADC4_IRQHandler
                0x0800152c                WWDG_IRQHandler
                0x0800152c                COMP7_IRQHandler
                0x0800152c                COMP1_2_3_IRQHandler
                0x0800152c                EXTI1_IRQHandler
                0x0800152c                COMP4_5_6_IRQHandler
                0x0800152c                TIM20_BRK_IRQHandler
                0x0800152c                I2C2_ER_IRQHandler
                0x0800152c                DMA1_Channel2_IRQHandler
                0x0800152c                TIM8_BRK_IRQHandler
                0x0800152c                FLASH_IRQHandler
                0x0800152c                TIM20_CC_IRQHandler
                0x0800152c                USART1_IRQHandler
                0x0800152c                SPI3_IRQHandler
                0x0800152c                I2C1_ER_IRQHandler
                0x0800152c                FMC_IRQHandler
                0x0800152c                USBWakeUp_IRQHandler
                0x0800152c                DMA2_Channel3_IRQHandler
                0x0800152c                EXTI2_TSC_IRQHandler
                0x0800152c                TIM1_BRK_TIM15_IRQHandler
 *fill*         0x0800152e        0x2 
 .text.HAL_Init
                0x08001530       0x2c ./Drivers/STM32F3xx_HAL_Driver/Src/stm32f3xx_hal.o
                0x08001530                HAL_Init
 .text.HAL_InitTick
                0x0800155c       0x60 ./Drivers/STM32F3xx_HAL_Driver/Src/stm32f3xx_hal.o
                0x0800155c                HAL_InitTick
 .text.HAL_IncTick
                0x080015bc       0x28 ./Drivers/STM32F3xx_HAL_Driver/Src/stm32f3xx_hal.o
                0x080015bc                HAL_IncTick
 .text.HAL_GetTick
                0x080015e4       0x18 ./Drivers/STM32F3xx_HAL_Driver/Src/stm32f3xx_hal.o
                0x080015e4                HAL_GetTick
 .text.__NVIC_SetPriorityGrouping
                0x080015fc       0x48 ./Drivers/STM32F3xx_HAL_Driver/Src/stm32f3xx_hal_cortex.o
 .text.__NVIC_GetPriorityGrouping
                0x08001644       0x1c ./Drivers/STM32F3xx_HAL_Driver/Src/stm32f3xx_hal_cortex.o
 .text.__NVIC_EnableIRQ
                0x08001660       0x3c ./Drivers/STM32F3xx_HAL_Driver/Src/stm32f3xx_hal_cortex.o
 .text.__NVIC_SetPriority
                0x0800169c       0x54 ./Drivers/STM32F3xx_HAL_Driver/Src/stm32f3xx_hal_cortex.o
 .text.NVIC_EncodePriority
                0x080016f0       0x66 ./Drivers/STM32F3xx_HAL_Driver/Src/stm32f3xx_hal_cortex.o
 *fill*         0x08001756        0x2 
 .text.SysTick_Config
                0x08001758       0x44 ./Drivers/STM32F3xx_HAL_Driver/Src/stm32f3xx_hal_cortex.o
 .text.HAL_NVIC_SetPriorityGrouping
                0x0800179c       0x16 ./Drivers/STM32F3xx_HAL_Driver/Src/stm32f3xx_hal_cortex.o
                0x0800179c                HAL_NVIC_SetPriorityGrouping
 .text.HAL_NVIC_SetPriority
                0x080017b2       0x38 ./Drivers/STM32F3xx_HAL_Driver/Src/stm32f3xx_hal_cortex.o
                0x080017b2                HAL_NVIC_SetPriority
 .text.HAL_NVIC_EnableIRQ
                0x080017ea       0x1c ./Drivers/STM32F3xx_HAL_Driver/Src/stm32f3xx_hal_cortex.o
                0x080017ea                HAL_NVIC_EnableIRQ
 .text.HAL_SYSTICK_Config
                0x08001806       0x18 ./Drivers/STM32F3xx_HAL_Driver/Src/stm32f3xx_hal_cortex.o
                0x08001806                HAL_SYSTICK_Config
 .text.HAL_DMA_Abort
                0x0800181e       0x72 ./Drivers/STM32F3xx_HAL_Driver/Src/stm32f3xx_hal_dma.o
                0x0800181e                HAL_DMA_Abort
 .text.HAL_DMA_Abort_IT
                0x08001890       0x7c ./Drivers/STM32F3xx_HAL_Driver/Src/stm32f3xx_hal_dma.o
                0x08001890                HAL_DMA_Abort_IT
 .text.HAL_GPIO_Init
                0x0800190c      0x314 ./Drivers/STM32F3xx_HAL_Driver/Src/stm32f3xx_hal_gpio.o
                0x0800190c                HAL_GPIO_Init
 .text.HAL_GPIO_WritePin
                0x08001c20       0x30 ./Drivers/STM32F3xx_HAL_Driver/Src/stm32f3xx_hal_gpio.o
                0x08001c20                HAL_GPIO_WritePin
 .text.HAL_RCC_OscConfig
                0x08001c50     0x10a8 ./Drivers/STM32F3xx_HAL_Driver/Src/stm32f3xx_hal_rcc.o
                0x08001c50                HAL_RCC_OscConfig
 .text.HAL_RCC_ClockConfig
                0x08002cf8      0x2f8 ./Drivers/STM32F3xx_HAL_Driver/Src/stm32f3xx_hal_rcc.o
                0x08002cf8                HAL_RCC_ClockConfig
 .text.HAL_RCC_GetSysClockFreq
                0x08002ff0       0xd4 ./Drivers/STM32F3xx_HAL_Driver/Src/stm32f3xx_hal_rcc.o
                0x08002ff0                HAL_RCC_GetSysClockFreq
 .text.HAL_RCC_GetHCLKFreq
                0x080030c4       0x18 ./Drivers/STM32F3xx_HAL_Driver/Src/stm32f3xx_hal_rcc.o
                0x080030c4                HAL_RCC_GetHCLKFreq
 .text.HAL_RCC_GetPCLK1Freq
                0x080030dc       0x44 ./Drivers/STM32F3xx_HAL_Driver/Src/stm32f3xx_hal_rcc.o
                0x080030dc                HAL_RCC_GetPCLK1Freq
 .text.HAL_RCC_GetPCLK2Freq
                0x08003120       0x44 ./Drivers/STM32F3xx_HAL_Driver/Src/stm32f3xx_hal_rcc.o
                0x08003120                HAL_RCC_GetPCLK2Freq
 .text.HAL_RCCEx_PeriphCLKConfig
                0x08003164      0x43c ./Drivers/STM32F3xx_HAL_Driver/Src/stm32f3xx_hal_rcc_ex.o
                0x08003164                HAL_RCCEx_PeriphCLKConfig
 .text.HAL_SPI_Init
                0x080035a0      0x156 ./Drivers/STM32F3xx_HAL_Driver/Src/stm32f3xx_hal_spi.o
                0x080035a0                HAL_SPI_Init
 .text.HAL_SPI_Receive
                0x080036f6      0x26e ./Drivers/STM32F3xx_HAL_Driver/Src/stm32f3xx_hal_spi.o
                0x080036f6                HAL_SPI_Receive
 .text.HAL_SPI_TransmitReceive
                0x08003964      0x444 ./Drivers/STM32F3xx_HAL_Driver/Src/stm32f3xx_hal_spi.o
                0x08003964                HAL_SPI_TransmitReceive
 .text.HAL_SPI_IRQHandler
                0x08003da8      0x1e8 ./Drivers/STM32F3xx_HAL_Driver/Src/stm32f3xx_hal_spi.o
                0x08003da8                HAL_SPI_IRQHandler
 .text.HAL_SPI_ErrorCallback
                0x08003f90       0x14 ./Drivers/STM32F3xx_HAL_Driver/Src/stm32f3xx_hal_spi.o
                0x08003f90                HAL_SPI_ErrorCallback
 .text.SPI_DMAAbortOnError
                0x08003fa4       0x2a ./Drivers/STM32F3xx_HAL_Driver/Src/stm32f3xx_hal_spi.o
 *fill*         0x08003fce        0x2 
 .text.SPI_WaitFlagStateUntilTimeout
                0x08003fd0      0x110 ./Drivers/STM32F3xx_HAL_Driver/Src/stm32f3xx_hal_spi.o
 .text.SPI_WaitFifoStateUntilTimeout
                0x080040e0      0x12c ./Drivers/STM32F3xx_HAL_Driver/Src/stm32f3xx_hal_spi.o
 .text.SPI_EndRxTransaction
                0x0800420c       0xb0 ./Drivers/STM32F3xx_HAL_Driver/Src/stm32f3xx_hal_spi.o
 .text.SPI_EndRxTxTransaction
                0x080042bc       0x8c ./Drivers/STM32F3xx_HAL_Driver/Src/stm32f3xx_hal_spi.o
 .text.HAL_TIM_Base_Init
                0x08004348       0xae ./Drivers/STM32F3xx_HAL_Driver/Src/stm32f3xx_hal_tim.o
                0x08004348                HAL_TIM_Base_Init
 .text.HAL_TIM_PWM_Init
                0x080043f6       0xae ./Drivers/STM32F3xx_HAL_Driver/Src/stm32f3xx_hal_tim.o
                0x080043f6                HAL_TIM_PWM_Init
 .text.HAL_TIM_PWM_MspInit
                0x080044a4       0x14 ./Drivers/STM32F3xx_HAL_Driver/Src/stm32f3xx_hal_tim.o
                0x080044a4                HAL_TIM_PWM_MspInit
 .text.HAL_TIM_PWM_Start_IT
                0x080044b8      0x2b0 ./Drivers/STM32F3xx_HAL_Driver/Src/stm32f3xx_hal_tim.o
                0x080044b8                HAL_TIM_PWM_Start_IT
 .text.HAL_TIM_PWM_Stop_IT
                0x08004768      0x1d4 ./Drivers/STM32F3xx_HAL_Driver/Src/stm32f3xx_hal_tim.o
                0x08004768                HAL_TIM_PWM_Stop_IT
 .text.HAL_TIM_IRQHandler
                0x0800493c      0x23e ./Drivers/STM32F3xx_HAL_Driver/Src/stm32f3xx_hal_tim.o
                0x0800493c                HAL_TIM_IRQHandler
 *fill*         0x08004b7a        0x2 
 .text.HAL_TIM_PWM_ConfigChannel
                0x08004b7c      0x228 ./Drivers/STM32F3xx_HAL_Driver/Src/stm32f3xx_hal_tim.o
                0x08004b7c                HAL_TIM_PWM_ConfigChannel
 .text.HAL_TIM_ConfigClockSource
                0x08004da4      0x192 ./Drivers/STM32F3xx_HAL_Driver/Src/stm32f3xx_hal_tim.o
                0x08004da4                HAL_TIM_ConfigClockSource
 .text.HAL_TIM_PeriodElapsedCallback
                0x08004f36       0x14 ./Drivers/STM32F3xx_HAL_Driver/Src/stm32f3xx_hal_tim.o
                0x08004f36                HAL_TIM_PeriodElapsedCallback
 .text.HAL_TIM_OC_DelayElapsedCallback
                0x08004f4a       0x14 ./Drivers/STM32F3xx_HAL_Driver/Src/stm32f3xx_hal_tim.o
                0x08004f4a                HAL_TIM_OC_DelayElapsedCallback
 .text.HAL_TIM_IC_CaptureCallback
                0x08004f5e       0x14 ./Drivers/STM32F3xx_HAL_Driver/Src/stm32f3xx_hal_tim.o
                0x08004f5e                HAL_TIM_IC_CaptureCallback
 .text.HAL_TIM_TriggerCallback
                0x08004f72       0x14 ./Drivers/STM32F3xx_HAL_Driver/Src/stm32f3xx_hal_tim.o
                0x08004f72                HAL_TIM_TriggerCallback
 *fill*         0x08004f86        0x2 
 .text.TIM_Base_SetConfig
                0x08004f88      0x13c ./Drivers/STM32F3xx_HAL_Driver/Src/stm32f3xx_hal_tim.o
                0x08004f88                TIM_Base_SetConfig
 .text.TIM_OC1_SetConfig
                0x080050c4      0x134 ./Drivers/STM32F3xx_HAL_Driver/Src/stm32f3xx_hal_tim.o
 .text.TIM_OC2_SetConfig
                0x080051f8      0x128 ./Drivers/STM32F3xx_HAL_Driver/Src/stm32f3xx_hal_tim.o
                0x080051f8                TIM_OC2_SetConfig
 .text.TIM_OC3_SetConfig
                0x08005320      0x124 ./Drivers/STM32F3xx_HAL_Driver/Src/stm32f3xx_hal_tim.o
 .text.TIM_OC4_SetConfig
                0x08005444       0xe0 ./Drivers/STM32F3xx_HAL_Driver/Src/stm32f3xx_hal_tim.o
 .text.TIM_OC5_SetConfig
                0x08005524       0xd4 ./Drivers/STM32F3xx_HAL_Driver/Src/stm32f3xx_hal_tim.o
 .text.TIM_OC6_SetConfig
                0x080055f8       0xd8 ./Drivers/STM32F3xx_HAL_Driver/Src/stm32f3xx_hal_tim.o
 .text.TIM_TI1_ConfigInputStage
                0x080056d0       0x5e ./Drivers/STM32F3xx_HAL_Driver/Src/stm32f3xx_hal_tim.o
 .text.TIM_TI2_ConfigInputStage
                0x0800572e       0x60 ./Drivers/STM32F3xx_HAL_Driver/Src/stm32f3xx_hal_tim.o
 .text.TIM_ITRx_SetConfig
                0x0800578e       0x36 ./Drivers/STM32F3xx_HAL_Driver/Src/stm32f3xx_hal_tim.o
 .text.TIM_ETR_SetConfig
                0x080057c4       0x40 ./Drivers/STM32F3xx_HAL_Driver/Src/stm32f3xx_hal_tim.o
                0x080057c4                TIM_ETR_SetConfig
 .text.TIM_CCxChannelCmd
                0x08005804       0x4a ./Drivers/STM32F3xx_HAL_Driver/Src/stm32f3xx_hal_tim.o
                0x08005804                TIM_CCxChannelCmd
 *fill*         0x0800584e        0x2 
 .text.HAL_TIMEx_MasterConfigSynchronization
                0x08005850      0x118 ./Drivers/STM32F3xx_HAL_Driver/Src/stm32f3xx_hal_tim_ex.o
                0x08005850                HAL_TIMEx_MasterConfigSynchronization
 .text.HAL_TIMEx_ConfigBreakDeadTime
                0x08005968      0x10c ./Drivers/STM32F3xx_HAL_Driver/Src/stm32f3xx_hal_tim_ex.o
                0x08005968                HAL_TIMEx_ConfigBreakDeadTime
 .text.HAL_TIMEx_CommutCallback
                0x08005a74       0x14 ./Drivers/STM32F3xx_HAL_Driver/Src/stm32f3xx_hal_tim_ex.o
                0x08005a74                HAL_TIMEx_CommutCallback
 .text.HAL_TIMEx_BreakCallback
                0x08005a88       0x14 ./Drivers/STM32F3xx_HAL_Driver/Src/stm32f3xx_hal_tim_ex.o
                0x08005a88                HAL_TIMEx_BreakCallback
 .text.HAL_TIMEx_Break2Callback
                0x08005a9c       0x14 ./Drivers/STM32F3xx_HAL_Driver/Src/stm32f3xx_hal_tim_ex.o
                0x08005a9c                HAL_TIMEx_Break2Callback
 .text.HAL_UART_Init
                0x08005ab0       0x9c ./Drivers/STM32F3xx_HAL_Driver/Src/stm32f3xx_hal_uart.o
                0x08005ab0                HAL_UART_Init
 .text.HAL_UART_Transmit
                0x08005b4c      0x112 ./Drivers/STM32F3xx_HAL_Driver/Src/stm32f3xx_hal_uart.o
                0x08005b4c                HAL_UART_Transmit
 .text.HAL_UART_Receive_IT
                0x08005c5e       0x88 ./Drivers/STM32F3xx_HAL_Driver/Src/stm32f3xx_hal_uart.o
                0x08005c5e                HAL_UART_Receive_IT
 *fill*         0x08005ce6        0x2 
 .text.HAL_UART_IRQHandler
                0x08005ce8      0x5cc ./Drivers/STM32F3xx_HAL_Driver/Src/stm32f3xx_hal_uart.o
                0x08005ce8                HAL_UART_IRQHandler
 .text.HAL_UART_TxCpltCallback
                0x080062b4       0x14 ./Drivers/STM32F3xx_HAL_Driver/Src/stm32f3xx_hal_uart.o
                0x080062b4                HAL_UART_TxCpltCallback
 .text.HAL_UART_ErrorCallback
                0x080062c8       0x14 ./Drivers/STM32F3xx_HAL_Driver/Src/stm32f3xx_hal_uart.o
                0x080062c8                HAL_UART_ErrorCallback
 .text.HAL_UARTEx_RxEventCallback
                0x080062dc       0x18 ./Drivers/STM32F3xx_HAL_Driver/Src/stm32f3xx_hal_uart.o
                0x080062dc                HAL_UARTEx_RxEventCallback
 .text.UART_SetConfig
                0x080062f4      0x3a8 ./Drivers/STM32F3xx_HAL_Driver/Src/stm32f3xx_hal_uart.o
                0x080062f4                UART_SetConfig
 .text.UART_AdvFeatureConfig
                0x0800669c      0x144 ./Drivers/STM32F3xx_HAL_Driver/Src/stm32f3xx_hal_uart.o
                0x0800669c                UART_AdvFeatureConfig
 .text.UART_CheckIdleState
                0x080067e0      0x150 ./Drivers/STM32F3xx_HAL_Driver/Src/stm32f3xx_hal_uart.o
                0x080067e0                UART_CheckIdleState
 .text.UART_WaitOnFlagUntilTimeout
                0x08006930       0xce ./Drivers/STM32F3xx_HAL_Driver/Src/stm32f3xx_hal_uart.o
                0x08006930                UART_WaitOnFlagUntilTimeout
 *fill*         0x080069fe        0x2 
 .text.UART_Start_Receive_IT
                0x08006a00      0x18c ./Drivers/STM32F3xx_HAL_Driver/Src/stm32f3xx_hal_uart.o
                0x08006a00                UART_Start_Receive_IT
 .text.UART_EndRxTransfer
                0x08006b8c       0xc8 ./Drivers/STM32F3xx_HAL_Driver/Src/stm32f3xx_hal_uart.o
 .text.UART_DMAAbortOnError
                0x08006c54       0x2c ./Drivers/STM32F3xx_HAL_Driver/Src/stm32f3xx_hal_uart.o
 .text.UART_EndTransmit_IT
                0x08006c80       0x54 ./Drivers/STM32F3xx_HAL_Driver/Src/stm32f3xx_hal_uart.o
 .text.UART_RxISR_8BIT
                0x08006cd4      0x1a8 ./Drivers/STM32F3xx_HAL_Driver/Src/stm32f3xx_hal_uart.o
 .text.UART_RxISR_16BIT
                0x08006e7c      0x1a8 ./Drivers/STM32F3xx_HAL_Driver/Src/stm32f3xx_hal_uart.o
 .text.HAL_UARTEx_WakeupCallback
                0x08007024       0x14 ./Drivers/STM32F3xx_HAL_Driver/Src/stm32f3xx_hal_uart_ex.o
                0x08007024                HAL_UARTEx_WakeupCallback
 .text.memset   0x08007038       0x10 C:/ST/STM32CubeIDE_1.13.2/STM32CubeIDE/plugins/com.st.stm32cube.ide.mcu.externaltools.gnu-tools-for-stm32.12.3.rel1.win32_1.0.100.202403111256/tools/bin/../lib/gcc/arm-none-eabi/12.3.1/../../../../arm-none-eabi/lib/thumb/v7e-m+fp/hard\libc_nano.a(libc_a-memset.o)
                0x08007038                memset
 .text.__libc_init_array
                0x08007048       0x48 C:/ST/STM32CubeIDE_1.13.2/STM32CubeIDE/plugins/com.st.stm32cube.ide.mcu.externaltools.gnu-tools-for-stm32.12.3.rel1.win32_1.0.100.202403111256/tools/bin/../lib/gcc/arm-none-eabi/12.3.1/../../../../arm-none-eabi/lib/thumb/v7e-m+fp/hard\libc_nano.a(libc_a-init.o)
                0x08007048                __libc_init_array
 *(.glue_7)
 .glue_7        0x08007090        0x0 linker stubs
 *(.glue_7t)
 .glue_7t       0x08007090        0x0 linker stubs
 *(.eh_frame)
 .eh_frame      0x08007090        0x0 C:/ST/STM32CubeIDE_1.13.2/STM32CubeIDE/plugins/com.st.stm32cube.ide.mcu.externaltools.gnu-tools-for-stm32.12.3.rel1.win32_1.0.100.202403111256/tools/bin/../lib/gcc/arm-none-eabi/12.3.1/thumb/v7e-m+fp/hard/crtbegin.o
 *(.init)
 .init          0x08007090        0x4 C:/ST/STM32CubeIDE_1.13.2/STM32CubeIDE/plugins/com.st.stm32cube.ide.mcu.externaltools.gnu-tools-for-stm32.12.3.rel1.win32_1.0.100.202403111256/tools/bin/../lib/gcc/arm-none-eabi/12.3.1/thumb/v7e-m+fp/hard/crti.o
                0x08007090                _init
 .init          0x08007094        0x8 C:/ST/STM32CubeIDE_1.13.2/STM32CubeIDE/plugins/com.st.stm32cube.ide.mcu.externaltools.gnu-tools-for-stm32.12.3.rel1.win32_1.0.100.202403111256/tools/bin/../lib/gcc/arm-none-eabi/12.3.1/thumb/v7e-m+fp/hard/crtn.o
 *(.fini)
 .fini          0x0800709c        0x4 C:/ST/STM32CubeIDE_1.13.2/STM32CubeIDE/plugins/com.st.stm32cube.ide.mcu.externaltools.gnu-tools-for-stm32.12.3.rel1.win32_1.0.100.202403111256/tools/bin/../lib/gcc/arm-none-eabi/12.3.1/thumb/v7e-m+fp/hard/crti.o
                0x0800709c                _fini
 .fini          0x080070a0        0x8 C:/ST/STM32CubeIDE_1.13.2/STM32CubeIDE/plugins/com.st.stm32cube.ide.mcu.externaltools.gnu-tools-for-stm32.12.3.rel1.win32_1.0.100.202403111256/tools/bin/../lib/gcc/arm-none-eabi/12.3.1/thumb/v7e-m+fp/hard/crtn.o
                0x080070a8                        . = ALIGN (0x4)
                0x080070a8                        _etext = .

.vfp11_veneer   0x080070a8        0x0
 .vfp11_veneer  0x080070a8        0x0 linker stubs

.v4_bx          0x080070a8        0x0
 .v4_bx         0x080070a8        0x0 linker stubs

.iplt           0x080070a8        0x0
 .iplt          0x080070a8        0x0 C:/ST/STM32CubeIDE_1.13.2/STM32CubeIDE/plugins/com.st.stm32cube.ide.mcu.externaltools.gnu-tools-for-stm32.12.3.rel1.win32_1.0.100.202403111256/tools/bin/../lib/gcc/arm-none-eabi/12.3.1/thumb/v7e-m+fp/hard/crtbegin.o

.rodata         0x080070a8       0x38
                0x080070a8                        . = ALIGN (0x4)
 *(.rodata)
 *(.rodata*)
 .rodata.AHBPrescTable
                0x080070a8       0x10 ./Core/Src/system_stm32f3xx.o
                0x080070a8                AHBPrescTable
 .rodata.APBPrescTable
                0x080070b8        0x8 ./Core/Src/system_stm32f3xx.o
                0x080070b8                APBPrescTable
 .rodata.aPLLMULFactorTable
                0x080070c0       0x10 ./Drivers/STM32F3xx_HAL_Driver/Src/stm32f3xx_hal_rcc.o
 .rodata.aPredivFactorTable
                0x080070d0       0x10 ./Drivers/STM32F3xx_HAL_Driver/Src/stm32f3xx_hal_rcc.o
                0x080070e0                        . = ALIGN (0x4)

.rel.dyn        0x080070e0        0x0
 .rel.iplt      0x080070e0        0x0 C:/ST/STM32CubeIDE_1.13.2/STM32CubeIDE/plugins/com.st.stm32cube.ide.mcu.externaltools.gnu-tools-for-stm32.12.3.rel1.win32_1.0.100.202403111256/tools/bin/../lib/gcc/arm-none-eabi/12.3.1/thumb/v7e-m+fp/hard/crtbegin.o

.ARM.extab      0x080070e0        0x0
                0x080070e0                        . = ALIGN (0x4)
 *(.ARM.extab* .gnu.linkonce.armextab.*)
                0x080070e0                        . = ALIGN (0x4)

.ARM            0x080070e0        0x0
                0x080070e0                        . = ALIGN (0x4)
                0x080070e0                        __exidx_start = .
 *(.ARM.exidx*)
                0x080070e0                        __exidx_end = .
                0x080070e0                        . = ALIGN (0x4)

.preinit_array  0x080070e0        0x0
                0x080070e0                        . = ALIGN (0x4)
                0x080070e0                        PROVIDE (__preinit_array_start = .)
 *(.preinit_array*)
                0x080070e0                        PROVIDE (__preinit_array_end = .)
                0x080070e0                        . = ALIGN (0x4)

.init_array     0x080070e0        0x4
                0x080070e0                        . = ALIGN (0x4)
                0x080070e0                        PROVIDE (__init_array_start = .)
 *(SORT_BY_NAME(.init_array.*))
 *(.init_array*)
 .init_array    0x080070e0        0x4 C:/ST/STM32CubeIDE_1.13.2/STM32CubeIDE/plugins/com.st.stm32cube.ide.mcu.externaltools.gnu-tools-for-stm32.12.3.rel1.win32_1.0.100.202403111256/tools/bin/../lib/gcc/arm-none-eabi/12.3.1/thumb/v7e-m+fp/hard/crtbegin.o
                0x080070e4                        PROVIDE (__init_array_end = .)
                0x080070e4                        . = ALIGN (0x4)

.fini_array     0x080070e4        0x4
                0x080070e4                        . = ALIGN (0x4)
                [!provide]                        PROVIDE (__fini_array_start = .)
 *(SORT_BY_NAME(.fini_array.*))
 *(.fini_array*)
 .fini_array    0x080070e4        0x4 C:/ST/STM32CubeIDE_1.13.2/STM32CubeIDE/plugins/com.st.stm32cube.ide.mcu.externaltools.gnu-tools-for-stm32.12.3.rel1.win32_1.0.100.202403111256/tools/bin/../lib/gcc/arm-none-eabi/12.3.1/thumb/v7e-m+fp/hard/crtbegin.o
                [!provide]                        PROVIDE (__fini_array_end = .)
                0x080070e8                        . = ALIGN (0x4)
                0x080070e8                        _sidata = LOADADDR (.data)

.data           0x20000000       0xe8 load address 0x080070e8
                0x20000000                        . = ALIGN (0x4)
                0x20000000                        _sdata = .
 *(.data)
 *(.data*)
 .data.motor1   0x20000000       0x20 ./Core/Src/motors.o
                0x20000000                motor1
 .data.motor2   0x20000020       0x20 ./Core/Src/motors.o
                0x20000020                motor2
 .data.motor3   0x20000040       0x20 ./Core/Src/motors.o
                0x20000040                motor3
 .data.motor4   0x20000060       0x20 ./Core/Src/motors.o
                0x20000060                motor4
 .data.motor5   0x20000080       0x20 ./Core/Src/motors.o
                0x20000080                motor5
 .data.encoders
                0x200000a0       0x3c ./Core/Src/spi.o
                0x200000a0                encoders
 .data.SystemCoreClock
                0x200000dc        0x4 ./Core/Src/system_stm32f3xx.o
                0x200000dc                SystemCoreClock
 .data.uwTickPrio
                0x200000e0        0x4 ./Drivers/STM32F3xx_HAL_Driver/Src/stm32f3xx_hal.o
                0x200000e0                uwTickPrio
 .data.uwTickFreq
                0x200000e4        0x1 ./Drivers/STM32F3xx_HAL_Driver/Src/stm32f3xx_hal.o
                0x200000e4                uwTickFreq
 *(.RamFunc)
 *(.RamFunc*)
                0x200000e8                        . = ALIGN (0x4)
 *fill*         0x200000e5        0x3 
                0x200000e8                        _edata = .
                0x080071d0                        _siccmram = LOADADDR (.ccmram)

.igot.plt       0x200000e8        0x0 load address 0x080071d0
 .igot.plt      0x200000e8        0x0 C:/ST/STM32CubeIDE_1.13.2/STM32CubeIDE/plugins/com.st.stm32cube.ide.mcu.externaltools.gnu-tools-for-stm32.12.3.rel1.win32_1.0.100.202403111256/tools/bin/../lib/gcc/arm-none-eabi/12.3.1/thumb/v7e-m+fp/hard/crtbegin.o

.ccmram         0x10000000        0x0 load address 0x080071d0
                0x10000000                        . = ALIGN (0x4)
                0x10000000                        _sccmram = .
 *(.ccmram)
 *(.ccmram*)
                0x10000000                        . = ALIGN (0x4)
                0x10000000                        _eccmram = .
                0x10000000                        . = ALIGN (0x4)

.bss            0x200000e8      0x298
                0x200000e8                        _sbss = .
                0x200000e8                        __bss_start__ = _sbss
 *(.bss)
 .bss           0x200000e8       0x1c C:/ST/STM32CubeIDE_1.13.2/STM32CubeIDE/plugins/com.st.stm32cube.ide.mcu.externaltools.gnu-tools-for-stm32.12.3.rel1.win32_1.0.100.202403111256/tools/bin/../lib/gcc/arm-none-eabi/12.3.1/thumb/v7e-m+fp/hard/crtbegin.o
 *(.bss*)
 .bss.hspi2     0x20000104       0x64 ./Core/Src/spi.o
                0x20000104                hspi2
 .bss.htim1     0x20000168       0x4c ./Core/Src/tim.o
                0x20000168                htim1
 .bss.htim2     0x200001b4       0x4c ./Core/Src/tim.o
                0x200001b4                htim2
 .bss.htim3     0x20000200       0x4c ./Core/Src/tim.o
                0x20000200                htim3
 .bss.htim4     0x2000024c       0x4c ./Core/Src/tim.o
                0x2000024c                htim4
 .bss.htim8     0x20000298       0x4c ./Core/Src/tim.o
                0x20000298                htim8
 .bss.huart2    0x200002e4       0x88 ./Core/Src/usart.o
                0x200002e4                huart2
 .bss.usart_buffer
                0x2000036c        0xd ./Core/Src/usart.o
 .bss.usart_drdy_flag
                0x20000379        0x1 ./Core/Src/usart.o
 *fill*         0x2000037a        0x2 
 .bss.uwTick    0x2000037c        0x4 ./Drivers/STM32F3xx_HAL_Driver/Src/stm32f3xx_hal.o
                0x2000037c                uwTick
 *(COMMON)
                0x20000380                        . = ALIGN (0x4)
                0x20000380                        _ebss = .
                0x20000380                        __bss_end__ = _ebss

._user_heap_stack
                0x20000380      0x600
                0x20000380                        . = ALIGN (0x8)
                [!provide]                        PROVIDE (end = .)
                0x20000380                        PROVIDE (_end = .)
                0x20000580                        . = (. + _Min_Heap_Size)
 *fill*         0x20000380      0x200 
                0x20000980                        . = (. + _Min_Stack_Size)
 *fill*         0x20000580      0x400 
                0x20000980                        . = ALIGN (0x8)

/DISCARD/
 libc.a(*)
 libm.a(*)
 libgcc.a(*)

.ARM.attributes
                0x00000000       0x30
 *(.ARM.attributes)
 .ARM.attributes
                0x00000000       0x22 C:/ST/STM32CubeIDE_1.13.2/STM32CubeIDE/plugins/com.st.stm32cube.ide.mcu.externaltools.gnu-tools-for-stm32.12.3.rel1.win32_1.0.100.202403111256/tools/bin/../lib/gcc/arm-none-eabi/12.3.1/thumb/v7e-m+fp/hard/crti.o
 .ARM.attributes
                0x00000022       0x34 C:/ST/STM32CubeIDE_1.13.2/STM32CubeIDE/plugins/com.st.stm32cube.ide.mcu.externaltools.gnu-tools-for-stm32.12.3.rel1.win32_1.0.100.202403111256/tools/bin/../lib/gcc/arm-none-eabi/12.3.1/thumb/v7e-m+fp/hard/crtbegin.o
 .ARM.attributes
                0x00000056       0x34 ./Core/Src/gpio.o
 .ARM.attributes
                0x0000008a       0x34 ./Core/Src/main.o
 .ARM.attributes
                0x000000be       0x34 ./Core/Src/motors.o
 .ARM.attributes
                0x000000f2       0x34 ./Core/Src/spi.o
 .ARM.attributes
                0x00000126       0x34 ./Core/Src/stm32f3xx_hal_msp.o
 .ARM.attributes
                0x0000015a       0x34 ./Core/Src/stm32f3xx_it.o
 .ARM.attributes
                0x0000018e       0x34 ./Core/Src/system_stm32f3xx.o
 .ARM.attributes
                0x000001c2       0x34 ./Core/Src/tim.o
 .ARM.attributes
                0x000001f6       0x34 ./Core/Src/usart.o
 .ARM.attributes
                0x0000022a       0x21 ./Core/Startup/startup_stm32f303retx.o
 .ARM.attributes
                0x0000024b       0x34 ./Drivers/STM32F3xx_HAL_Driver/Src/stm32f3xx_hal.o
 .ARM.attributes
                0x0000027f       0x34 ./Drivers/STM32F3xx_HAL_Driver/Src/stm32f3xx_hal_cortex.o
 .ARM.attributes
                0x000002b3       0x34 ./Drivers/STM32F3xx_HAL_Driver/Src/stm32f3xx_hal_dma.o
 .ARM.attributes
                0x000002e7       0x34 ./Drivers/STM32F3xx_HAL_Driver/Src/stm32f3xx_hal_gpio.o
 .ARM.attributes
                0x0000031b       0x34 ./Drivers/STM32F3xx_HAL_Driver/Src/stm32f3xx_hal_rcc.o
 .ARM.attributes
                0x0000034f       0x34 ./Drivers/STM32F3xx_HAL_Driver/Src/stm32f3xx_hal_rcc_ex.o
 .ARM.attributes
                0x00000383       0x34 ./Drivers/STM32F3xx_HAL_Driver/Src/stm32f3xx_hal_spi.o
 .ARM.attributes
                0x000003b7       0x34 ./Drivers/STM32F3xx_HAL_Driver/Src/stm32f3xx_hal_tim.o
 .ARM.attributes
                0x000003eb       0x34 ./Drivers/STM32F3xx_HAL_Driver/Src/stm32f3xx_hal_tim_ex.o
 .ARM.attributes
                0x0000041f       0x34 ./Drivers/STM32F3xx_HAL_Driver/Src/stm32f3xx_hal_uart.o
 .ARM.attributes
                0x00000453       0x34 ./Drivers/STM32F3xx_HAL_Driver/Src/stm32f3xx_hal_uart_ex.o
 .ARM.attributes
                0x00000487       0x34 C:/ST/STM32CubeIDE_1.13.2/STM32CubeIDE/plugins/com.st.stm32cube.ide.mcu.externaltools.gnu-tools-for-stm32.12.3.rel1.win32_1.0.100.202403111256/tools/bin/../lib/gcc/arm-none-eabi/12.3.1/../../../../arm-none-eabi/lib/thumb/v7e-m+fp/hard\libc_nano.a(libc_a-memset.o)
 .ARM.attributes
                0x000004bb       0x34 C:/ST/STM32CubeIDE_1.13.2/STM32CubeIDE/plugins/com.st.stm32cube.ide.mcu.externaltools.gnu-tools-for-stm32.12.3.rel1.win32_1.0.100.202403111256/tools/bin/../lib/gcc/arm-none-eabi/12.3.1/../../../../arm-none-eabi/lib/thumb/v7e-m+fp/hard\libc_nano.a(libc_a-init.o)
 .ARM.attributes
                0x000004ef       0x22 C:/ST/STM32CubeIDE_1.13.2/STM32CubeIDE/plugins/com.st.stm32cube.ide.mcu.externaltools.gnu-tools-for-stm32.12.3.rel1.win32_1.0.100.202403111256/tools/bin/../lib/gcc/arm-none-eabi/12.3.1/thumb/v7e-m+fp/hard/crtn.o
OUTPUT(STM32_Main.elf elf32-littlearm)
LOAD linker stubs
LOAD C:/ST/STM32CubeIDE_1.13.2/STM32CubeIDE/plugins/com.st.stm32cube.ide.mcu.externaltools.gnu-tools-for-stm32.12.3.rel1.win32_1.0.100.202403111256/tools/bin/../lib/gcc/arm-none-eabi/12.3.1/../../../../arm-none-eabi/lib/thumb/v7e-m+fp/hard\libc.a
LOAD C:/ST/STM32CubeIDE_1.13.2/STM32CubeIDE/plugins/com.st.stm32cube.ide.mcu.externaltools.gnu-tools-for-stm32.12.3.rel1.win32_1.0.100.202403111256/tools/bin/../lib/gcc/arm-none-eabi/12.3.1/../../../../arm-none-eabi/lib/thumb/v7e-m+fp/hard\libm.a
LOAD C:/ST/STM32CubeIDE_1.13.2/STM32CubeIDE/plugins/com.st.stm32cube.ide.mcu.externaltools.gnu-tools-for-stm32.12.3.rel1.win32_1.0.100.202403111256/tools/bin/../lib/gcc/arm-none-eabi/12.3.1/thumb/v7e-m+fp/hard\libgcc.a

.debug_info     0x00000000    0x12d54
 .debug_info    0x00000000      0x33d ./Core/Src/gpio.o
 .debug_info    0x0000033d      0x607 ./Core/Src/main.o
 .debug_info    0x00000944      0xac0 ./Core/Src/motors.o
 .debug_info    0x00001404      0xe2c ./Core/Src/spi.o
 .debug_info    0x00002230      0x1a0 ./Core/Src/stm32f3xx_hal_msp.o
 .debug_info    0x000023d0      0xdc3 ./Core/Src/stm32f3xx_it.o
 .debug_info    0x00003193      0x407 ./Core/Src/system_stm32f3xx.o
 .debug_info    0x0000359a     0x1093 ./Core/Src/tim.o
 .debug_info    0x0000462d      0xd0e ./Core/Src/usart.o
 .debug_info    0x0000533b       0x30 ./Core/Startup/startup_stm32f303retx.o
 .debug_info    0x0000536b      0x804 ./Drivers/STM32F3xx_HAL_Driver/Src/stm32f3xx_hal.o
 .debug_info    0x00005b6f      0xcdf ./Drivers/STM32F3xx_HAL_Driver/Src/stm32f3xx_hal_cortex.o
 .debug_info    0x0000684e      0x6e1 ./Drivers/STM32F3xx_HAL_Driver/Src/stm32f3xx_hal_dma.o
 .debug_info    0x00006f2f      0x6a6 ./Drivers/STM32F3xx_HAL_Driver/Src/stm32f3xx_hal_gpio.o
 .debug_info    0x000075d5     0x1501 ./Drivers/STM32F3xx_HAL_Driver/Src/stm32f3xx_hal_rcc.o
 .debug_info    0x00008ad6      0x663 ./Drivers/STM32F3xx_HAL_Driver/Src/stm32f3xx_hal_rcc_ex.o
 .debug_info    0x00009139     0x1622 ./Drivers/STM32F3xx_HAL_Driver/Src/stm32f3xx_hal_spi.o
 .debug_info    0x0000a75b     0x2a52 ./Drivers/STM32F3xx_HAL_Driver/Src/stm32f3xx_hal_tim.o
 .debug_info    0x0000d1ad     0x156d ./Drivers/STM32F3xx_HAL_Driver/Src/stm32f3xx_hal_tim_ex.o
 .debug_info    0x0000e71a     0x39a8 ./Drivers/STM32F3xx_HAL_Driver/Src/stm32f3xx_hal_uart.o
 .debug_info    0x000120c2      0xc92 ./Drivers/STM32F3xx_HAL_Driver/Src/stm32f3xx_hal_uart_ex.o

.debug_abbrev   0x00000000     0x2bdc
 .debug_abbrev  0x00000000      0x151 ./Core/Src/gpio.o
 .debug_abbrev  0x00000151      0x21f ./Core/Src/main.o
 .debug_abbrev  0x00000370      0x247 ./Core/Src/motors.o
 .debug_abbrev  0x000005b7      0x267 ./Core/Src/spi.o
 .debug_abbrev  0x0000081e       0xe2 ./Core/Src/stm32f3xx_hal_msp.o
 .debug_abbrev  0x00000900      0x1c8 ./Core/Src/stm32f3xx_it.o
 .debug_abbrev  0x00000ac8      0x11a ./Core/Src/system_stm32f3xx.o
 .debug_abbrev  0x00000be2      0x243 ./Core/Src/tim.o
 .debug_abbrev  0x00000e25      0x245 ./Core/Src/usart.o
 .debug_abbrev  0x0000106a       0x24 ./Core/Startup/startup_stm32f303retx.o
 .debug_abbrev  0x0000108e      0x215 ./Drivers/STM32F3xx_HAL_Driver/Src/stm32f3xx_hal.o
 .debug_abbrev  0x000012a3      0x329 ./Drivers/STM32F3xx_HAL_Driver/Src/stm32f3xx_hal_cortex.o
 .debug_abbrev  0x000015cc      0x20d ./Drivers/STM32F3xx_HAL_Driver/Src/stm32f3xx_hal_dma.o
 .debug_abbrev  0x000017d9      0x1ca ./Drivers/STM32F3xx_HAL_Driver/Src/stm32f3xx_hal_gpio.o
 .debug_abbrev  0x000019a3      0x300 ./Drivers/STM32F3xx_HAL_Driver/Src/stm32f3xx_hal_rcc.o
 .debug_abbrev  0x00001ca3      0x245 ./Drivers/STM32F3xx_HAL_Driver/Src/stm32f3xx_hal_rcc_ex.o
 .debug_abbrev  0x00001ee8      0x269 ./Drivers/STM32F3xx_HAL_Driver/Src/stm32f3xx_hal_spi.o
 .debug_abbrev  0x00002151      0x278 ./Drivers/STM32F3xx_HAL_Driver/Src/stm32f3xx_hal_tim.o
 .debug_abbrev  0x000023c9      0x283 ./Drivers/STM32F3xx_HAL_Driver/Src/stm32f3xx_hal_tim_ex.o
 .debug_abbrev  0x0000264c      0x2d1 ./Drivers/STM32F3xx_HAL_Driver/Src/stm32f3xx_hal_uart.o
 .debug_abbrev  0x0000291d      0x2bf ./Drivers/STM32F3xx_HAL_Driver/Src/stm32f3xx_hal_uart_ex.o

.debug_aranges  0x00000000     0x1010
 .debug_aranges
                0x00000000       0x20 ./Core/Src/gpio.o
 .debug_aranges
                0x00000020       0x30 ./Core/Src/main.o
 .debug_aranges
                0x00000050       0x50 ./Core/Src/motors.o
 .debug_aranges
                0x000000a0       0x58 ./Core/Src/spi.o
 .debug_aranges
                0x000000f8       0x20 ./Core/Src/stm32f3xx_hal_msp.o
 .debug_aranges
                0x00000118       0x98 ./Core/Src/stm32f3xx_it.o
 .debug_aranges
                0x000001b0       0x28 ./Core/Src/system_stm32f3xx.o
 .debug_aranges
                0x000001d8       0x58 ./Core/Src/tim.o
 .debug_aranges
                0x00000230       0x58 ./Core/Src/usart.o
 .debug_aranges
                0x00000288       0x28 ./Core/Startup/startup_stm32f303retx.o
 .debug_aranges
                0x000002b0       0xe0 ./Drivers/STM32F3xx_HAL_Driver/Src/stm32f3xx_hal.o
 .debug_aranges
                0x00000390      0x118 ./Drivers/STM32F3xx_HAL_Driver/Src/stm32f3xx_hal_cortex.o
 .debug_aranges
                0x000004a8       0x88 ./Drivers/STM32F3xx_HAL_Driver/Src/stm32f3xx_hal_dma.o
 .debug_aranges
                0x00000530       0x58 ./Drivers/STM32F3xx_HAL_Driver/Src/stm32f3xx_hal_gpio.o
 .debug_aranges
                0x00000588       0x88 ./Drivers/STM32F3xx_HAL_Driver/Src/stm32f3xx_hal_rcc.o
 .debug_aranges
                0x00000610       0x38 ./Drivers/STM32F3xx_HAL_Driver/Src/stm32f3xx_hal_rcc_ex.o
 .debug_aranges
                0x00000648      0x1d8 ./Drivers/STM32F3xx_HAL_Driver/Src/stm32f3xx_hal_spi.o
 .debug_aranges
                0x00000820      0x3e0 ./Drivers/STM32F3xx_HAL_Driver/Src/stm32f3xx_hal_tim.o
 .debug_aranges
                0x00000c00      0x178 ./Drivers/STM32F3xx_HAL_Driver/Src/stm32f3xx_hal_tim_ex.o
 .debug_aranges
                0x00000d78      0x228 ./Drivers/STM32F3xx_HAL_Driver/Src/stm32f3xx_hal_uart.o
 .debug_aranges
                0x00000fa0       0x70 ./Drivers/STM32F3xx_HAL_Driver/Src/stm32f3xx_hal_uart_ex.o

.debug_rnglists
                0x00000000      0xc8a
 .debug_rnglists
                0x00000000       0x14 ./Core/Src/gpio.o
 .debug_rnglists
                0x00000014       0x20 ./Core/Src/main.o
 .debug_rnglists
                0x00000034       0x39 ./Core/Src/motors.o
 .debug_rnglists
                0x0000006d       0x40 ./Core/Src/spi.o
 .debug_rnglists
                0x000000ad       0x13 ./Core/Src/stm32f3xx_hal_msp.o
 .debug_rnglists
                0x000000c0       0x6d ./Core/Src/stm32f3xx_it.o
 .debug_rnglists
                0x0000012d       0x1a ./Core/Src/system_stm32f3xx.o
 .debug_rnglists
                0x00000147       0x45 ./Core/Src/tim.o
 .debug_rnglists
                0x0000018c       0x3e ./Core/Src/usart.o
 .debug_rnglists
                0x000001ca       0x19 ./Core/Startup/startup_stm32f303retx.o
 .debug_rnglists
                0x000001e3       0xa3 ./Drivers/STM32F3xx_HAL_Driver/Src/stm32f3xx_hal.o
 .debug_rnglists
                0x00000286       0xce ./Drivers/STM32F3xx_HAL_Driver/Src/stm32f3xx_hal_cortex.o
 .debug_rnglists
                0x00000354       0x69 ./Drivers/STM32F3xx_HAL_Driver/Src/stm32f3xx_hal_dma.o
 .debug_rnglists
                0x000003bd       0x3f ./Drivers/STM32F3xx_HAL_Driver/Src/stm32f3xx_hal_gpio.o
 .debug_rnglists
                0x000003fc       0x66 ./Drivers/STM32F3xx_HAL_Driver/Src/stm32f3xx_hal_rcc.o
 .debug_rnglists
                0x00000462       0x29 ./Drivers/STM32F3xx_HAL_Driver/Src/stm32f3xx_hal_rcc_ex.o
 .debug_rnglists
                0x0000048b      0x178 ./Drivers/STM32F3xx_HAL_Driver/Src/stm32f3xx_hal_spi.o
 .debug_rnglists
                0x00000603      0x328 ./Drivers/STM32F3xx_HAL_Driver/Src/stm32f3xx_hal_tim.o
 .debug_rnglists
                0x0000092b      0x131 ./Drivers/STM32F3xx_HAL_Driver/Src/stm32f3xx_hal_tim_ex.o
 .debug_rnglists
                0x00000a5c      0x1da ./Drivers/STM32F3xx_HAL_Driver/Src/stm32f3xx_hal_uart.o
 .debug_rnglists
                0x00000c36       0x54 ./Drivers/STM32F3xx_HAL_Driver/Src/stm32f3xx_hal_uart_ex.o

.debug_macro    0x00000000    0x21d6c
 .debug_macro   0x00000000      0x205 ./Core/Src/gpio.o
 .debug_macro   0x00000205      0xab4 ./Core/Src/gpio.o
 .debug_macro   0x00000cb9      0x15d ./Core/Src/gpio.o
 .debug_macro   0x00000e16       0x2e ./Core/Src/gpio.o
 .debug_macro   0x00000e44       0x28 ./Core/Src/gpio.o
 .debug_macro   0x00000e6c       0x22 ./Core/Src/gpio.o
 .debug_macro   0x00000e8e       0x8e ./Core/Src/gpio.o
 .debug_macro   0x00000f1c       0x51 ./Core/Src/gpio.o
 .debug_macro   0x00000f6d      0x103 ./Core/Src/gpio.o
 .debug_macro   0x00001070       0x6a ./Core/Src/gpio.o
 .debug_macro   0x000010da      0x1df ./Core/Src/gpio.o
 .debug_macro   0x000012b9       0x1c ./Core/Src/gpio.o
 .debug_macro   0x000012d5       0x22 ./Core/Src/gpio.o
 .debug_macro   0x000012f7       0xd9 ./Core/Src/gpio.o
 .debug_macro   0x000013d0     0x102d ./Core/Src/gpio.o
 .debug_macro   0x000023fd      0x11f ./Core/Src/gpio.o
 .debug_macro   0x0000251c    0x1535a ./Core/Src/gpio.o
 .debug_macro   0x00017876       0x6d ./Core/Src/gpio.o
 .debug_macro   0x000178e3     0x3558 ./Core/Src/gpio.o
 .debug_macro   0x0001ae3b      0x189 ./Core/Src/gpio.o
 .debug_macro   0x0001afc4       0x55 ./Core/Src/gpio.o
 .debug_macro   0x0001b019      0x953 ./Core/Src/gpio.o
 .debug_macro   0x0001b96c      0x84a ./Core/Src/gpio.o
 .debug_macro   0x0001c1b6      0x1b5 ./Core/Src/gpio.o
 .debug_macro   0x0001c36b      0x23a ./Core/Src/gpio.o
 .debug_macro   0x0001c5a5      0x1ea ./Core/Src/gpio.o
 .debug_macro   0x0001c78f      0x1bc ./Core/Src/gpio.o
 .debug_macro   0x0001c94b       0x30 ./Core/Src/gpio.o
 .debug_macro   0x0001c97b       0x3c ./Core/Src/gpio.o
 .debug_macro   0x0001c9b7      0x235 ./Core/Src/gpio.o
 .debug_macro   0x0001cbec       0xc5 ./Core/Src/gpio.o
 .debug_macro   0x0001ccb1      0x21d ./Core/Src/gpio.o
 .debug_macro   0x0001cece      0x22c ./Core/Src/gpio.o
 .debug_macro   0x0001d0fa       0x5b ./Core/Src/gpio.o
 .debug_macro   0x0001d155       0xa5 ./Core/Src/gpio.o
 .debug_macro   0x0001d1fa       0x81 ./Core/Src/gpio.o
 .debug_macro   0x0001d27b       0xd3 ./Core/Src/gpio.o
 .debug_macro   0x0001d34e      0x2fe ./Core/Src/gpio.o
 .debug_macro   0x0001d64c      0xa59 ./Core/Src/gpio.o
 .debug_macro   0x0001e0a5       0xba ./Core/Src/gpio.o
 .debug_macro   0x0001e15f      0x5ba ./Core/Src/gpio.o
 .debug_macro   0x0001e719       0x44 ./Core/Src/gpio.o
 .debug_macro   0x0001e75d      0x347 ./Core/Src/gpio.o
 .debug_macro   0x0001eaa4      0x13c ./Core/Src/gpio.o
 .debug_macro   0x0001ebe0      0x389 ./Core/Src/main.o
 .debug_macro   0x0001ef69       0x22 ./Core/Src/main.o
 .debug_macro   0x0001ef8b       0x10 ./Core/Src/main.o
 .debug_macro   0x0001ef9b       0x61 ./Core/Src/main.o
 .debug_macro   0x0001effc       0x2a ./Core/Src/main.o
 .debug_macro   0x0001f026       0x43 ./Core/Src/main.o
 .debug_macro   0x0001f069       0x34 ./Core/Src/main.o
 .debug_macro   0x0001f09d       0x16 ./Core/Src/main.o
 .debug_macro   0x0001f0b3       0x43 ./Core/Src/main.o
 .debug_macro   0x0001f0f6       0x34 ./Core/Src/main.o
 .debug_macro   0x0001f12a       0x10 ./Core/Src/main.o
 .debug_macro   0x0001f13a       0x58 ./Core/Src/main.o
 .debug_macro   0x0001f192       0x8e ./Core/Src/main.o
 .debug_macro   0x0001f220       0x1c ./Core/Src/main.o
 .debug_macro   0x0001f23c      0x177 ./Core/Src/main.o
 .debug_macro   0x0001f3b3      0x369 ./Core/Src/main.o
 .debug_macro   0x0001f71c       0x10 ./Core/Src/main.o
 .debug_macro   0x0001f72c       0x35 ./Core/Src/main.o
 .debug_macro   0x0001f761       0x20 ./Core/Src/main.o
 .debug_macro   0x0001f781       0x1c ./Core/Src/main.o
 .debug_macro   0x0001f79d       0x10 ./Core/Src/main.o
 .debug_macro   0x0001f7ad       0x1c ./Core/Src/main.o
 .debug_macro   0x0001f7c9       0x16 ./Core/Src/main.o
 .debug_macro   0x0001f7df      0x146 ./Core/Src/main.o
 .debug_macro   0x0001f925       0x16 ./Core/Src/main.o
 .debug_macro   0x0001f93b       0x16 ./Core/Src/main.o
 .debug_macro   0x0001f951       0x29 ./Core/Src/main.o
 .debug_macro   0x0001f97a      0x226 ./Core/Src/motors.o
 .debug_macro   0x0001fba0       0x10 ./Core/Src/motors.o
 .debug_macro   0x0001fbb0      0x21e ./Core/Src/spi.o
 .debug_macro   0x0001fdce      0x1fb ./Core/Src/stm32f3xx_hal_msp.o
 .debug_macro   0x0001ffc9      0x205 ./Core/Src/stm32f3xx_it.o
 .debug_macro   0x000201ce      0x1ec ./Core/Src/system_stm32f3xx.o
 .debug_macro   0x000203ba      0x205 ./Core/Src/tim.o
 .debug_macro   0x000205bf      0x214 ./Core/Src/usart.o
 .debug_macro   0x000207d3      0x210 ./Drivers/STM32F3xx_HAL_Driver/Src/stm32f3xx_hal.o
 .debug_macro   0x000209e3      0x1ec ./Drivers/STM32F3xx_HAL_Driver/Src/stm32f3xx_hal_cortex.o
 .debug_macro   0x00020bcf      0x1ec ./Drivers/STM32F3xx_HAL_Driver/Src/stm32f3xx_hal_dma.o
 .debug_macro   0x00020dbb      0x1f3 ./Drivers/STM32F3xx_HAL_Driver/Src/stm32f3xx_hal_gpio.o
 .debug_macro   0x00020fae      0x210 ./Drivers/STM32F3xx_HAL_Driver/Src/stm32f3xx_hal_rcc.o
 .debug_macro   0x000211be      0x1ec ./Drivers/STM32F3xx_HAL_Driver/Src/stm32f3xx_hal_rcc_ex.o
 .debug_macro   0x000213aa      0x1f4 ./Drivers/STM32F3xx_HAL_Driver/Src/stm32f3xx_hal_spi.o
 .debug_macro   0x0002159e      0x1ed ./Drivers/STM32F3xx_HAL_Driver/Src/stm32f3xx_hal_tim.o
 .debug_macro   0x0002178b      0x1ec ./Drivers/STM32F3xx_HAL_Driver/Src/stm32f3xx_hal_tim_ex.o
 .debug_macro   0x00021977      0x209 ./Drivers/STM32F3xx_HAL_Driver/Src/stm32f3xx_hal_uart.o
 .debug_macro   0x00021b80      0x1ec ./Drivers/STM32F3xx_HAL_Driver/Src/stm32f3xx_hal_uart_ex.o

.debug_line     0x00000000    0x15f2e
 .debug_line    0x00000000      0x7e0 ./Core/Src/gpio.o
 .debug_line    0x000007e0      0xa3a ./Core/Src/main.o
 .debug_line    0x0000121a      0x8f2 ./Core/Src/motors.o
 .debug_line    0x00001b0c      0x979 ./Core/Src/spi.o
 .debug_line    0x00002485      0x7ab ./Core/Src/stm32f3xx_hal_msp.o
 .debug_line    0x00002c30      0x915 ./Core/Src/stm32f3xx_it.o
 .debug_line    0x00003545      0x829 ./Core/Src/system_stm32f3xx.o
 .debug_line    0x00003d6e      0xbb8 ./Core/Src/tim.o
 .debug_line    0x00004926      0x8a8 ./Core/Src/usart.o
 .debug_line    0x000051ce       0x7a ./Core/Startup/startup_stm32f303retx.o
 .debug_line    0x00005248      0xa5c ./Drivers/STM32F3xx_HAL_Driver/Src/stm32f3xx_hal.o
 .debug_line    0x00005ca4      0xd1f ./Drivers/STM32F3xx_HAL_Driver/Src/stm32f3xx_hal_cortex.o
 .debug_line    0x000069c3      0xd68 ./Drivers/STM32F3xx_HAL_Driver/Src/stm32f3xx_hal_dma.o
 .debug_line    0x0000772b      0xbfb ./Drivers/STM32F3xx_HAL_Driver/Src/stm32f3xx_hal_gpio.o
 .debug_line    0x00008326     0x1448 ./Drivers/STM32F3xx_HAL_Driver/Src/stm32f3xx_hal_rcc.o
 .debug_line    0x0000976e      0xf9b ./Drivers/STM32F3xx_HAL_Driver/Src/stm32f3xx_hal_rcc_ex.o
 .debug_line    0x0000a709     0x2012 ./Drivers/STM32F3xx_HAL_Driver/Src/stm32f3xx_hal_spi.o
 .debug_line    0x0000c71b     0x3f11 ./Drivers/STM32F3xx_HAL_Driver/Src/stm32f3xx_hal_tim.o
 .debug_line    0x0001062c     0x1b8a ./Drivers/STM32F3xx_HAL_Driver/Src/stm32f3xx_hal_tim_ex.o
 .debug_line    0x000121b6     0x31a8 ./Drivers/STM32F3xx_HAL_Driver/Src/stm32f3xx_hal_uart.o
 .debug_line    0x0001535e      0xbd0 ./Drivers/STM32F3xx_HAL_Driver/Src/stm32f3xx_hal_uart_ex.o

.debug_str      0x00000000    0xcc9e1
 .debug_str     0x00000000    0xc48ed ./Core/Src/gpio.o
                              0xc4f92 (size before relaxing)
 .debug_str     0x000c48ed     0x3e29 ./Core/Src/main.o
                              0xc8cb6 (size before relaxing)
 .debug_str     0x000c8716      0x588 ./Core/Src/motors.o
                              0xc56bc (size before relaxing)
 .debug_str     0x000c8c9e      0x4c5 ./Core/Src/spi.o
                              0xc574a (size before relaxing)
 .debug_str     0x000c9163       0x49 ./Core/Src/stm32f3xx_hal_msp.o
                              0xc4ee4 (size before relaxing)
 .debug_str     0x000c91ac      0x168 ./Core/Src/stm32f3xx_it.o
                              0xc58d9 (size before relaxing)
 .debug_str     0x000c9314       0xe9 ./Core/Src/system_stm32f3xx.o
                              0xc4a7b (size before relaxing)
 .debug_str     0x000c93fd      0x686 ./Core/Src/tim.o
                              0xc5cae (size before relaxing)
 .debug_str     0x000c9a83       0xa0 ./Core/Src/usart.o
                              0xc5a77 (size before relaxing)
 .debug_str     0x000c9b23       0x44 ./Core/Startup/startup_stm32f303retx.o
                                 0x89 (size before relaxing)
 .debug_str     0x000c9b67      0x37a ./Drivers/STM32F3xx_HAL_Driver/Src/stm32f3xx_hal.o
                              0xc5324 (size before relaxing)
 .debug_str     0x000c9ee1      0x345 ./Drivers/STM32F3xx_HAL_Driver/Src/stm32f3xx_hal_cortex.o
                              0xc5376 (size before relaxing)
 .debug_str     0x000ca226      0x248 ./Drivers/STM32F3xx_HAL_Driver/Src/stm32f3xx_hal_dma.o
                              0xc4dc3 (size before relaxing)
 .debug_str     0x000ca46e      0x185 ./Drivers/STM32F3xx_HAL_Driver/Src/stm32f3xx_hal_gpio.o
                              0xc4c60 (size before relaxing)
 .debug_str     0x000ca5f3      0x2dd ./Drivers/STM32F3xx_HAL_Driver/Src/stm32f3xx_hal_rcc.o
                              0xc4f1f (size before relaxing)
 .debug_str     0x000ca8d0       0xbe ./Drivers/STM32F3xx_HAL_Driver/Src/stm32f3xx_hal_rcc_ex.o
                              0xc4d69 (size before relaxing)
 .debug_str     0x000ca98e      0x56a ./Drivers/STM32F3xx_HAL_Driver/Src/stm32f3xx_hal_spi.o
                              0xc53a1 (size before relaxing)
 .debug_str     0x000caef8      0xd35 ./Drivers/STM32F3xx_HAL_Driver/Src/stm32f3xx_hal_tim.o
                              0xc5ea2 (size before relaxing)
 .debug_str     0x000cbc2d      0x402 ./Drivers/STM32F3xx_HAL_Driver/Src/stm32f3xx_hal_tim_ex.o
                              0xc56f8 (size before relaxing)
 .debug_str     0x000cc02f      0x7fa ./Drivers/STM32F3xx_HAL_Driver/Src/stm32f3xx_hal_uart.o
                              0xc579e (size before relaxing)
 .debug_str     0x000cc829      0x1b8 ./Drivers/STM32F3xx_HAL_Driver/Src/stm32f3xx_hal_uart_ex.o
                              0xc50a3 (size before relaxing)

.comment        0x00000000       0x43
 .comment       0x00000000       0x43 ./Core/Src/gpio.o
                                 0x44 (size before relaxing)
 .comment       0x00000043       0x44 ./Core/Src/main.o
 .comment       0x00000043       0x44 ./Core/Src/motors.o
 .comment       0x00000043       0x44 ./Core/Src/spi.o
 .comment       0x00000043       0x44 ./Core/Src/stm32f3xx_hal_msp.o
 .comment       0x00000043       0x44 ./Core/Src/stm32f3xx_it.o
 .comment       0x00000043       0x44 ./Core/Src/system_stm32f3xx.o
 .comment       0x00000043       0x44 ./Core/Src/tim.o
 .comment       0x00000043       0x44 ./Core/Src/usart.o
 .comment       0x00000043       0x44 ./Drivers/STM32F3xx_HAL_Driver/Src/stm32f3xx_hal.o
 .comment       0x00000043       0x44 ./Drivers/STM32F3xx_HAL_Driver/Src/stm32f3xx_hal_cortex.o
 .comment       0x00000043       0x44 ./Drivers/STM32F3xx_HAL_Driver/Src/stm32f3xx_hal_dma.o
 .comment       0x00000043       0x44 ./Drivers/STM32F3xx_HAL_Driver/Src/stm32f3xx_hal_gpio.o
 .comment       0x00000043       0x44 ./Drivers/STM32F3xx_HAL_Driver/Src/stm32f3xx_hal_rcc.o
 .comment       0x00000043       0x44 ./Drivers/STM32F3xx_HAL_Driver/Src/stm32f3xx_hal_rcc_ex.o
 .comment       0x00000043       0x44 ./Drivers/STM32F3xx_HAL_Driver/Src/stm32f3xx_hal_spi.o
 .comment       0x00000043       0x44 ./Drivers/STM32F3xx_HAL_Driver/Src/stm32f3xx_hal_tim.o
 .comment       0x00000043       0x44 ./Drivers/STM32F3xx_HAL_Driver/Src/stm32f3xx_hal_tim_ex.o
 .comment       0x00000043       0x44 ./Drivers/STM32F3xx_HAL_Driver/Src/stm32f3xx_hal_uart.o
 .comment       0x00000043       0x44 ./Drivers/STM32F3xx_HAL_Driver/Src/stm32f3xx_hal_uart_ex.o

.debug_frame    0x00000000     0x4248
 .debug_frame   0x00000000       0x34 ./Core/Src/gpio.o
 .debug_frame   0x00000034       0x6c ./Core/Src/main.o
 .debug_frame   0x000000a0      0x100 ./Core/Src/motors.o
 .debug_frame   0x000001a0      0x124 ./Core/Src/spi.o
 .debug_frame   0x000002c4       0x34 ./Core/Src/stm32f3xx_hal_msp.o
 .debug_frame   0x000002f8      0x1c8 ./Core/Src/stm32f3xx_it.o
 .debug_frame   0x000004c0       0x58 ./Core/Src/system_stm32f3xx.o
 .debug_frame   0x00000518      0x130 ./Core/Src/tim.o
 .debug_frame   0x00000648      0x114 ./Core/Src/usart.o
 .debug_frame   0x0000075c      0x334 ./Drivers/STM32F3xx_HAL_Driver/Src/stm32f3xx_hal.o
 .debug_frame   0x00000a90      0x498 ./Drivers/STM32F3xx_HAL_Driver/Src/stm32f3xx_hal_cortex.o
 .debug_frame   0x00000f28      0x224 ./Drivers/STM32F3xx_HAL_Driver/Src/stm32f3xx_hal_dma.o
 .debug_frame   0x0000114c      0x14c ./Drivers/STM32F3xx_HAL_Driver/Src/stm32f3xx_hal_gpio.o
 .debug_frame   0x00001298      0x214 ./Drivers/STM32F3xx_HAL_Driver/Src/stm32f3xx_hal_rcc.o
 .debug_frame   0x000014ac       0xb0 ./Drivers/STM32F3xx_HAL_Driver/Src/stm32f3xx_hal_rcc_ex.o
 .debug_frame   0x0000155c      0x860 ./Drivers/STM32F3xx_HAL_Driver/Src/stm32f3xx_hal_spi.o
 .debug_frame   0x00001dbc     0x121c ./Drivers/STM32F3xx_HAL_Driver/Src/stm32f3xx_hal_tim.o
 .debug_frame   0x00002fd8      0x688 ./Drivers/STM32F3xx_HAL_Driver/Src/stm32f3xx_hal_tim_ex.o
 .debug_frame   0x00003660      0x9e8 ./Drivers/STM32F3xx_HAL_Driver/Src/stm32f3xx_hal_uart.o
 .debug_frame   0x00004048      0x1b4 ./Drivers/STM32F3xx_HAL_Driver/Src/stm32f3xx_hal_uart_ex.o
 .debug_frame   0x000041fc       0x20 C:/ST/STM32CubeIDE_1.13.2/STM32CubeIDE/plugins/com.st.stm32cube.ide.mcu.externaltools.gnu-tools-for-stm32.12.3.rel1.win32_1.0.100.202403111256/tools/bin/../lib/gcc/arm-none-eabi/12.3.1/../../../../arm-none-eabi/lib/thumb/v7e-m+fp/hard\libc_nano.a(libc_a-memset.o)
 .debug_frame   0x0000421c       0x2c C:/ST/STM32CubeIDE_1.13.2/STM32CubeIDE/plugins/com.st.stm32cube.ide.mcu.externaltools.gnu-tools-for-stm32.12.3.rel1.win32_1.0.100.202403111256/tools/bin/../lib/gcc/arm-none-eabi/12.3.1/../../../../arm-none-eabi/lib/thumb/v7e-m+fp/hard\libc_nano.a(libc_a-init.o)

.debug_line_str
                0x00000000       0x6d
 .debug_line_str
                0x00000000       0x6d ./Core/Startup/startup_stm32f303retx.o
